rm -f results.xml
"make" -f Makefile.compute_core results.xml
make[1]: Entering directory '/mnt/c/ECE510/m2'
mkdir -p sim_build
/usr/bin/iverilog -o sim_build/sim.vvp -s soc_top -g2012 -g2012 -f sim_build/cmds.f -s cocotb_iverilog_dump  /mnt/c/ECE510/m2/soc_top_stubs.sv /mnt/c/ECE510/m2/interface.sv /mnt/c/ECE510/m2/compute_core.sv sim_build/cocotb_iverilog_dump.v
rm -f results.xml
COCOTB_TEST_MODULES=tb_compute_core COCOTB_TESTCASE= COCOTB_TEST_FILTER= COCOTB_TOPLEVEL=soc_top TOPLEVEL_LANG=verilog \
         /usr/bin/vvp -M /home/fatem/.local/lib/python3.12/site-packages/cocotb/libs -m libcocotbvpi_icarus   sim_build/sim.vvp -fst  
     -.--ns INFO     gpi                                ..mbed/gpi_embed.cpp:93   in _embed_init_python              Using Python 3.12.4 interpreter at /usr/bin/python3
     -.--ns INFO     gpi                                ../gpi/GpiCommon.cpp:79   in gpi_print_registered_impl       VPI registered
     0.00ns INFO     cocotb                             Running on Icarus Verilog version 12.0 (stable)
     0.00ns INFO     cocotb                             Seeding Python random module with 1777769688
     0.00ns INFO     cocotb                             Initialized cocotb v2.0.1 from /home/fatem/.local/lib/python3.12/site-packages/cocotb
     0.00ns INFO     cocotb.regression                  pytest not found, install it to enable better AssertionError messages
     0.00ns INFO     cocotb                             Running tests
     0.00ns INFO     cocotb.regression                  running tb_compute_core.test_01_reset_quiescent (1/10)
                                                            All soc_top outputs are defined and quiescent after reset.
   120.00ns INFO     test                               PASS [mem_req=0 at reset]: 0x0
   120.00ns INFO     test                               PASS [mem_wen=0 at reset]: 0x0
   120.00ns INFO     test                               PASS [irq=0 at reset]: 0x0
   120.00ns INFO     test                               PASS [wb_err=0 at reset]: 0x0
   172.00ns INFO     test                               PASS [STATUS=0 at reset]: 0x0
   192.00ns INFO     test                               PASS [VERSION correct]: 0x20000
   192.00ns INFO     cocotb.regression                  tb_compute_core.test_01_reset_quiescent passed
   192.00ns INFO     cocotb.regression                  running tb_compute_core.test_02_csr_program_via_wb (2/10)
                                                            Key CSRs programmed via Wishbone read back correctly.
 11620.00ns INFO     test                               PASS [SEQ_LEN=128]: 0x80
 11640.00ns INFO     test                               PASS [WEIGHT_L]: 0xAABBCCDD
 11660.00ns INFO     test                               PASS [WEIGHT_H]: 0x1
 11680.00ns INFO     test                               PASS [IN_ADDR]: 0xDEAD0000
 11700.00ns INFO     test                               PASS [OUT_ADDR]: 0xBEEF0000
 11716.00ns INFO     test                               PASS [mem_addr=weight_addr (pre-start)]: 0x1AABBCCDD
 11716.00ns INFO     cocotb.regression                  tb_compute_core.test_02_csr_program_via_wb passed
 11716.00ns INFO     cocotb.regression                  running tb_compute_core.test_03_mem_req_on_start (3/10)
                                                            mem_req asserts immediately when cfg_start fires and busy_r is 0.
 15080.00ns INFO     test                               PASS [busy_r asserted after start]: 0x1
 15080.00ns INFO     test                               PASS [mem_req=busy_r]: 0x1
 15080.00ns INFO     test                               PASS [mem_wen=0 (read-only)]: 0x0
 15080.00ns INFO     test                               PASS [mem_addr=weight_addr]: 0x12345678
 15080.00ns INFO     cocotb.regression                  tb_compute_core.test_03_mem_req_on_start passed
 15080.00ns INFO     cocotb.regression                  running tb_compute_core.test_04_busy_clears_on_c0_done (4/10)
                                                            After chiplet-0 asserts cfg_done, busy_r clears and STATUS.done=1.
 17032.00ns INFO     test                               PASS [STATUS busy=0 after done]: 0x0
 17032.00ns INFO     test                               PASS [mem_req=0 after done]: 0x0
 17032.00ns INFO     test                               PASS [STATUS done latched via busy clear]
 17032.00ns INFO     cocotb.regression                  tb_compute_core.test_04_busy_clears_on_c0_done passed
 17032.00ns INFO     cocotb.regression                  running tb_compute_core.test_05_irq_end_to_end (5/10)
                                                            INTR_EN[1]=1 + c0_done → IRQ asserts; W1C de-asserts it.
 20384.00ns INFO     test                               PASS [IRQ asserted after done]: 0x1
 20404.00ns INFO     test                               PASS [INTR_STAT[1] set]: 0x1
 22032.00ns INFO     test                               PASS [IRQ cleared after W1C]: 0x0
 22052.00ns INFO     test                               PASS [INTR_STAT[1] cleared]: 0x0
 22052.00ns INFO     cocotb.regression                  tb_compute_core.test_05_irq_end_to_end passed
 22052.00ns INFO     cocotb.regression                  running tb_compute_core.test_06_mem_req_gates_on_busy (6/10)
                                                            Second cfg_start while busy does NOT re-assert mem_req.
 23804.01ns INFO     test                               PASS [busy=1 after first start]: 0x1
 25419.01ns INFO     test                               PASS [mem_req gating]: first=1 second=0
 25419.01ns INFO     cocotb.regression                  tb_compute_core.test_06_mem_req_gates_on_busy passed
 25419.01ns INFO     cocotb.regression                  running tb_compute_core.test_07_mode_bit (7/10)
                                                            CTRL[2] sets cfg_mode to select stage1 (QKV) vs stage5 (OutProj).
 25547.01ns INFO     test                               PASS [cfg_mode=0 (stage1) at reset]: 0x0
 27167.01ns INFO     test                               PASS [cfg_mode=1 (stage5) after write]: 0x1
 28787.01ns INFO     test                               PASS [cfg_mode=0 after clear]: 0x0
 28787.01ns INFO     cocotb.regression                  tb_compute_core.test_07_mode_bit passed
 28787.01ns INFO     cocotb.regression                  running tb_compute_core.test_08_software_reset (8/10)
                                                            Writing CTRL[1]=1 produces a single-cycle cfg_reset pulse.
 28911.01ns INFO     test                               PASS [cfg_reset quiescent]: 0x0
 30571.01ns INFO     test                               PASS [cfg_reset auto-cleared after pulse]: 0x0
 30571.01ns INFO     test                               cfg_reset high observed: False
 30571.01ns INFO     test                               PASS [CTRL[1] write-only pulse — register retains value as designed]
 30571.01ns INFO     cocotb.regression                  tb_compute_core.test_08_software_reset passed
 30571.01ns INFO     cocotb.regression                  running tb_compute_core.test_09_tile_dim_readonly (9/10)
                                                            TILE_DIM CSR reflects the parameter and ignores writes.
 30715.01ns INFO     test                               PASS [TILE_DIM=64]: 0x40
 32347.01ns INFO     test                               PASS [TILE_DIM unchanged]: 0x40
 32347.01ns INFO     cocotb.regression                  tb_compute_core.test_09_tile_dim_readonly passed
 32347.01ns INFO     cocotb.regression                  running tb_compute_core.test_10_clock_domain_stability (10/10)
                                                            Key outputs are defined (non-X) after reset clears in both domains.
 32427.01ns INFO     test                               PASS [irq] = 0 (defined)
 32427.01ns INFO     test                               PASS [mem_req] = 0 (defined)
 32427.01ns INFO     test                               PASS [mem_wen] = 0 (defined)
 32427.01ns INFO     test                               PASS [wb_ack] = Z (stub output, expected)
 32427.01ns INFO     test                               PASS [wb_stall] = Z (stub output, expected)
 32427.01ns INFO     test                               PASS [wb_err] = Z (stub output, expected)
 32427.01ns INFO     cocotb.regression                  tb_compute_core.test_10_clock_domain_stability passed
 32427.01ns INFO     cocotb.regression                  ********************************************************************************************************
                                                        ** TEST                                            STATUS  SIM TIME (ns)  REAL TIME (s)  RATIO (ns/s) **
                                                        ********************************************************************************************************
                                                        ** tb_compute_core.test_01_reset_quiescent          PASS         192.00           0.72        267.20  **
                                                        ** tb_compute_core.test_02_csr_program_via_wb       PASS       11524.00           0.95      12097.18  **
                                                        ** tb_compute_core.test_03_mem_req_on_start         PASS        3364.00           0.80       4183.53  **
                                                        ** tb_compute_core.test_04_busy_clears_on_c0_done   PASS        1952.00           0.72       2703.90  **
                                                        ** tb_compute_core.test_05_irq_end_to_end           PASS        5020.00           0.82       6155.80  **
                                                        ** tb_compute_core.test_06_mem_req_gates_on_busy    PASS        3367.00           0.75       4497.90  **
                                                        ** tb_compute_core.test_07_mode_bit                 PASS        3368.00           0.71       4747.92  **
                                                        ** tb_compute_core.test_08_software_reset           PASS        1784.00           0.69       2567.55  **
                                                        ** tb_compute_core.test_09_tile_dim_readonly        PASS        1776.00           0.70       2529.55  **
                                                        ** tb_compute_core.test_10_clock_domain_stability   PASS          80.00           0.25        319.85  **
                                                        ********************************************************************************************************
                                                        ** TESTS=10 PASS=10 FAIL=0 SKIP=0                              32427.01           7.14       4541.78  **
                                                        ********************************************************************************************************
FST info: dumpfile sim_build/soc_top.fst opened for output.
make[1]: Leaving directory '/mnt/c/ECE510/m2'
